{
  "name": "call_to_me",
  "category": "UTILITY",
  "components": [
    {
      "format": "TEXT",
      "type": "HEADER",
      "text": "Problemas com a entrega do seu pedido"
    },
    {
      "type": "BODY",
      "text": "Olá {{1}}, Tivemos um problema com a entrega do seu pedido {{2}}. Por favor, entre em contato com a central de atendimento para obter mais detalhes",
      "example": {
        "body_text": [
          [
            "Maria",
            "FE-15454T45001"
          ]
        ]
      }
    },
    {
      "buttons": [
        {
          "type": "PHONE_NUMBER",
          "text": "Ligar agora",
          "phone_number": "16503087300"
        }
      ],
      "type": "BUTTONS"
    },
    {
      "type": "FOOTER",
      "text": "Clique no botão abaixo para ligar agora."
    }
  ],
  "language": "pt_BR"
}