{
  "messaging_product": "whatsapp",
  "status": "read",
  "message_id": "123456"
}