{
  "messaging_product": "whatsapp",
  "recipient_type": "individual",
  "to": "121212121212",
  "type": "template",
  "template": {
    "components": [
      {
        "type": "header",
        "parameters": [
          {
            "type": "image",
            "image": {
              "id": "554066036582230"
            }
          }
        ]
      },
      {
        "type": "body",
        "parameters": [
          {
            "type": "text",
            "text": "T87-G74-876"
          }
        ]
      }
    ],
    "name": "auth_app",
    "language": {
      "code": "pt_BR"
    }
  }
}